ASxxxx Linker V03.00 + NoICE + sdld,  page 1.
Hexadecimal  [32-Bits]

Area                                    Addr        Size        Decimal Bytes (Attributes)
--------------------------------        ----        ----        ------- ----- ------------
.  .ABS.                            00000000    00000000 =           0. bytes (ABS,CON)

      Value  Global                              Global Defined In Module
      -----  --------------------------------   ------------------------
     00000000  .__.ABS.                           start
     00000000  l__CABS                         
     00000000  l__DABS                         
     00000000  l__DATA                         
     00000000  l__GSFINAL                      
     00000000  l__GSINIT                       
     00000000  l__HEADER                       
     00000000  l__HOME                         
     00000000  l__INITIALIZED                  
     00000000  l__INITIALIZER                  
     00000000  l__ROM_HDR                      
     00000000  s__CABS                         
     00000000  s__DABS                         
     00000000  s__HEADER                       
     00000000  s__HEADER0                      
     00000000  s__HEADER1                      
     00000000  s__HEADER10                     
     00000000  s__HEADER11                     
     00000000  s__HEADER12                     
     00000000  s__HEADER13                     
     00000000  s__HEADER14                     
     00000000  s__HEADER15                     
     00000000  s__HEADER16                     
     00000000  s__HEADER17                     
     00000000  s__HEADER18                     
     00000000  s__HEADER19                     
     00000000  s__HEADER1a                     
     00000000  s__HEADER1b                     
     00000000  s__HEADER1c                     
     00000000  s__HEADER1d                     
     00000000  s__HEADER1e                     
     00000000  s__HEADER1f                     
     00000000  s__HEADER2                      
     00000000  s__HEADER20                     
     00000000  s__HEADER21                     
     00000000  s__HEADER210                    
     00000000  s__HEADER211                    
     00000000  s__HEADER212                    
     00000000  s__HEADER213                    
     00000000  s__HEADER214                    
     00000000  s__HEADER215                    
     00000000  s__HEADER216                    
     00000000  s__HEADER217                    
     00000000  s__HEADER218                    
     00000000  s__HEADER219                    
     00000000  s__HEADER21a                    
     00000000  s__HEADER21b                    
     00000000  s__HEADER21c                    
     00000000  s__HEADER21d                    
     00000000  s__HEADER21e                    
ASxxxx Linker V03.00 + NoICE + sdld,  page 2.
Hexadecimal  [32-Bits]

Area                                    Addr        Size        Decimal Bytes (Attributes)
--------------------------------        ----        ----        ------- ----- ------------
.  .ABS.                            00000000    00000000 =           0. bytes (ABS,CON)

      Value  Global                              Global Defined In Module
      -----  --------------------------------   ------------------------
     00000000  s__HEADER21f                    
     00000000  s__HEADER22                     
     00000000  s__HEADER220                    
     00000000  s__HEADER23                     
     00000000  s__HEADER24                     
     00000000  s__HEADER25                     
     00000000  s__HEADER26                     
     00000000  s__HEADER27                     
     00000000  s__HEADER28                     
     00000000  s__HEADER29                     
     00000000  s__HEADER2a                     
     00000000  s__HEADER2b                     
     00000000  s__HEADER2c                     
     00000000  s__HEADER2d                     
     00000000  s__HEADER2e                     
     00000000  s__HEADER2f                     
     00000000  s__HEADER3                      
     00000000  s__HEADER30                     
     00000000  s__HEADER4                      
     00000000  s__HEADER5                      
     00000000  s__HEADER6                      
     00000000  s__HEADER7                      
     00000000  s__HEADER8                      
     00000000  s__HEADER9                      
     00000000  s__HEADERa                      
     00000000  s__HEADERb                      
     00000000  s__HEADERc                      
     00000000  s__HEADERd                      
     00000000  s__HEADERe                      
     00000000  s__HEADERf                      
     00000000  s__ROM_HDR                      
     00000000  s__ROM_HDR0                     
     00000003  l__HEADER14                     
     00000003  l__HEADER15                     
     00000003  l__HEADER16                     
     00000003  l__HEADER17                     
     00000003  l__HEADER18                     
     00000003  l__HEADER19                     
     00000003  l__HEADER1a                     
     00000003  l__HEADER1b                     
     00000003  l__HEADER1c                     
     00000003  l__HEADER1d                     
     00000003  l__HEADER1e                     
     00000003  l__HEADER1f                     
     00000003  l__HEADER214                    
     00000003  l__HEADER215                    
     00000003  l__HEADER216                    
     00000003  l__HEADER217                    
     00000003  l__HEADER218                    
     00000003  l__HEADER219                    
     00000003  l__HEADER21a                    
ASxxxx Linker V03.00 + NoICE + sdld,  page 3.
Hexadecimal  [32-Bits]

Area                                    Addr        Size        Decimal Bytes (Attributes)
--------------------------------        ----        ----        ------- ----- ------------
.  .ABS.                            00000000    00000000 =           0. bytes (ABS,CON)

      Value  Global                              Global Defined In Module
      -----  --------------------------------   ------------------------
     00000003  l__HEADER21b                    
     00000003  l__HEADER21c                    
     00000003  l__HEADER21d                    
     00000003  l__HEADER21e                    
     00000003  l__HEADER21f                    
     00000003  l__HEADER220                    
     00000003  l__HEADER25                     
     00000003  l__HEADER26                     
     00000003  l__HEADER27                     
     00000003  l__HEADER28                     
     00000003  l__HEADER29                     
     00000003  l__HEADER2a                     
     00000003  l__HEADERd                      
     0000001D  l__ROM_HDR0                     
     0000003A  l__HEADER30                     
     00000045  l__HEADER10                     
     00000045  l__HEADER210                    
     0000005A  l__HEADER5                      
     0000005A  l__HEADER6                      
     0000005B  l__HEADER1                      
     0000005B  l__HEADER21                     
     0000005C  l__HEADER11                     
     0000005C  l__HEADER13                     
     0000005C  l__HEADER2                      
     0000005C  l__HEADER211                    
     0000005C  l__HEADER213                    
     0000005C  l__HEADER22                     
     0000005E  l__HEADER2d                     
     0000005E  l__HEADER2f                     
     0000005E  l__HEADERf                      
     00000062  l__HEADER24                     
     00000062  l__HEADER3                      
     00000063  l__HEADER0                      
     00000066  l__HEADER7                      
     00000066  l__HEADER8                      
     0000006A  l__HEADER9                      
     0000006A  l__HEADERa                      
     0000008F  l__HEADER20                     
     00000098  l__HEADER23                     
     00000098  l__HEADER2e                     
     00000098  l__HEADERe                      
     0000009A  l__HEADER12                     
     0000009A  l__HEADER212                    
     0000009A  l__HEADER2b                     
     0000009A  l__HEADER2c                     
     0000009A  l__HEADERb                      
     0000009A  l__HEADERc                      
     000000D5  l__HEADER4                      
     000007F3  l__CODE                         
     00004100  s__CODE                         
     00005000  s__DATA                         
ASxxxx Linker V03.00 + NoICE + sdld,  page 4.
Hexadecimal  [32-Bits]

Area                                    Addr        Size        Decimal Bytes (Attributes)
--------------------------------        ----        ----        ------- ----- ------------
.  .ABS.                            00000000    00000000 =           0. bytes (ABS,CON)

      Value  Global                              Global Defined In Module
      -----  --------------------------------   ------------------------
     00005000  s__GSFINAL                      
     00005000  s__GSINIT                       
     00005000  s__HOME                         
     00005000  s__INITIALIZED                  
     00005000  s__INITIALIZER                  

ASxxxx Linker V03.00 + NoICE + sdld,  page 5.
Hexadecimal  [32-Bits]

Area                                    Addr        Size        Decimal Bytes (Attributes)
--------------------------------        ----        ----        ------- ----- ------------
_CODE                               00004100    000007F3 =        2035. bytes (REL,CON)

      Value  Global                              Global Defined In Module
      -----  --------------------------------   ------------------------
     00004100  A$main_v$58                        main
     00004100  C$main.c$10$0_0$56                 main
     00004100  C$main.c$24$1_0$56                 main
     00004100  G$main$0$0                         main
     00004100  _main                              main
     00004102  A$main_v$59                        main
     00004104  A$main_v$60                        main
     00004106  A$main_v$61                        main
     00004108  A$main_v$62                        main
     00004109  A$main_v$63                        main
     0000410B  A$main_v$64                        main
     0000410D  A$main_v$65                        main
     0000410E  A$main_v$70                        main
     0000410E  C$main.c$39$1_0$56                 main
     00004111  A$main_v$73                        main
     00004113  A$main_v$74                        main
     00004116  A$main_v$75                        main
     00004119  A$main_v$76                        main
     0000411C  A$main_v$87                        main
     0000411C  C$main.c$41$1_0$56                 main
     0000411C  C$main.c$42$1_0$56                 main
     0000411C  XG$main$0$0                        main
     0000411F  A$main_v$97                        main
     0000411F  C$main.c$44$1_0$58                 main
     0000411F  G$print$0$0                        main
     0000411F  _print                             main
     00004120  A$main_v$102                       main
     00004120  C$main.c$46$1_0$58                 main
     00004121  A$main_v$103                       main
     00004122  A$main_v$104                       main
     00004123  A$main_v$105                       main
     00004124  A$main_v$109                       main
     00004124  C$main.c$48$2_0$59                 main
     00004125  A$main_v$110                       main
     00004128  A$main_v$111                       main
     00004129  A$main_v$115                       main
     00004129  C$main.c$49$2_0$59                 main
     0000412A  A$main_v$123                       main
     0000412A  C$main.c$51$1_0$58                 main
     0000412A  XG$print$0$0                       main
     0000412C  A$main_v$136                       main
     0000412C  C$main.c$52$1_0$61                 main
     0000412C  C$main.c$57$1_0$61                 main
     0000412C  G$putchar$0$0                      main
     0000412C  _putchar                           main
     0000412D  A$main_v$137                       main
     00004130  A$main_v$145                       main
     00004130  C$main.c$58$1_0$61                 main
     00004130  XG$putchar$0$0                     main
     00004131  A$player_code$57                   player_code
ASxxxx Linker V03.00 + NoICE + sdld,  page 6.
Hexadecimal  [32-Bits]

Area                                    Addr        Size        Decimal Bytes (Attributes)
--------------------------------        ----        ----        ------- ----- ------------
_CODE                               00004100    000007F3 =        2035. bytes (REL,CON)

      Value  Global                              Global Defined In Module
      -----  --------------------------------   ------------------------
     00004131  C$player_code.c$11$0_0$55          player_code
     00004131  C$player_code.c$32$1_0$55          player_code
     00004131  G$processPlayer$0$0                player_code
     00004131  _processPlayer                     player_code
     00004134  A$player_code$58                   player_code
     00004137  A$player_code$62                   player_code
     00004137  C$player_code.c$33$1_0$55          player_code
     0000413A  A$player_code$63                   player_code
     0000413D  A$player_code$67                   player_code
     0000413D  C$player_code.c$34$1_0$55          player_code
     00004140  A$player_code$68                   player_code
     00004143  A$player_code$72                   player_code
     00004143  C$player_code.c$35$1_0$55          player_code
     00004146  A$player_code$73                   player_code
     00004149  A$player_code$77                   player_code
     00004149  C$player_code.c$36$1_0$55          player_code
     0000414C  A$player_code$78                   player_code
     0000414F  A$player_code$82                   player_code
     0000414F  C$player_code.c$37$1_0$55          player_code
     00004152  A$player_code$83                   player_code
     00004155  A$player_code$87                   player_code
     00004155  C$player_code.c$38$1_0$55          player_code
     00004158  A$player_code$88                   player_code
     0000415B  A$player_code$92                   player_code
     0000415B  C$player_code.c$39$1_0$55          player_code
     0000415E  A$player_code$93                   player_code
     00004161  A$player_code$104                  player_code
     00004161  C$player_code.c$41$1_0$55          player_code
     00004161  C$player_code.c$43$1_0$55          player_code
     00004161  XG$processPlayer$0$0               player_code
     00004164  Fplayer_code$__str_0$0_0$0         player_code
     00004186  Fplayer_code$__str_1$0_0$0         player_code
     00004189  Fplayer_code$__str_2$0_0$0         player_code
     000041AA  Fplayer_code$__str_3$0_0$0         player_code
     000041CA  Fplayer_code$__str_4$0_0$0         player_code
     000041D9  Fplayer_code$__str_5$0_0$0         player_code
     000041FB  Fplayer_code$__str_6$0_0$0         player_code
     00004217  Fplayer_code$__str_7$0_0$0         player_code
     00004226  A$SARCHFM$26                       
     0000425B  A$SARCHFM$29                       
     0000425E  A$SARCHFM$30                       
     0000425F  A$SARCHFM$31                       
     00004260  A$SARCHFM$32                       
     00004262  A$SARCHFM$33                       
     00004263  A$SARCHFM$34                       
     00004265  A$SARCHFM$35                       
     00004268  A$SARCHFM$36                       
     00004269  A$SARCHFM$37                       
     0000426A  A$SARCHFM$38                       
     0000426B  A$SARCHFM$39                       
     0000426D  A$SARCHFM$40                       
ASxxxx Linker V03.00 + NoICE + sdld,  page 7.
Hexadecimal  [32-Bits]

Area                                    Addr        Size        Decimal Bytes (Attributes)
--------------------------------        ----        ----        ------- ----- ------------
_CODE                               00004100    000007F3 =        2035. bytes (REL,CON)

      Value  Global                              Global Defined In Module
      -----  --------------------------------   ------------------------
     0000426E  A$SARCHFM$41                       
     0000426F  A$SARCHFM$42                       
     00004270  A$SARCHFM$43                       
     00004271  A$SARCHFM$44                       
     00004272  A$SARCHFM$45                       
     00004273  A$SARCHFM$46                       
     00004274  A$SARCHFM$48                       
     00004276  A$SARCHFM$49                       
     00004277  A$SARCHFM$51                       
     0000427A  A$SARCHFM$52                       
     0000427B  A$SARCHFM$53                       
     0000427E  A$SARCHFM$54                       
     0000427F  A$SARCHFM$56                       
     00004281  A$SARCHFM$57                       
     00004284  A$SARCHFM$61                       
     00004284  _SARCHFM                           
     00004285  A$SARCHFM$62                       
     00004287  A$SARCHFM$63                       
     0000428A  A$SARCHFM$65                       
     0000428D  A$SARCHFM$66                       
     00004290  A$SARCHFM$67                       
     00004293  A$SARCHFM$68                       
     00004295  A$SARCHFM$69                       
     00004297  A$SARCHFM$86                       
     0000429A  A$SARCHFM$88                       
     0000429D  A$SARCHFM$89                       
     000042A0  A$SARCHFM$91                       
     000042A3  A$SARCHFM$92                       
     000042A4  A$SARCHFM$93                       
     000042A5  A$SARCHFM$94                       
     000042A8  A$SARCHFM$95                       
     000042AB  A$SARCHFM$96                       
     000042AC  A$SARCHFM$97                       
     000042AD  A$SARCHFM$98                       
     000042B0  A$SARCHFM$99                       
     000042B3  A$SARCHFM$100                      
     000042B6  A$SARCHFM$101                      
     000042B7  A$SARCHFM$103                      
     000042BA  A$SARCHFM$110                      
     000042BB  A$SARCHFM$113                      
     000042BC  A$SARCHFM$114                      
     000042BF  A$SARCHFM$115                      
     000042C0  A$SARCHFM$116                      
     000042C2  A$SARCHFM$117                      
     000042C3  A$SARCHFM$118                      
     000042C4  A$SARCHFM$119                      
     000042C6  A$SARCHFM$120                      
     000042C7  A$SARCHFM$124                      
     000042CA  A$SARCHFM$125                      
     000042CB  A$SARCHFM$126                      
     000042CE  A$SARCHFM$128                      
ASxxxx Linker V03.00 + NoICE + sdld,  page 8.
Hexadecimal  [32-Bits]

Area                                    Addr        Size        Decimal Bytes (Attributes)
--------------------------------        ----        ----        ------- ----- ------------
_CODE                               00004100    000007F3 =        2035. bytes (REL,CON)

      Value  Global                              Global Defined In Module
      -----  --------------------------------   ------------------------
     000042D1  A$SARCHFM$129                      
     000042D4  A$SARCHFM$132                      
     000042D5  A$SARCHFM$133                      
     000042D8  A$SARCHFM$134                      
     000042D9  A$SARCHFM$135                      
     000042DA  A$SARCHFM$136                      
     000042DC  A$SARCHFM$137                      
     000042DF  A$SARCHFM$140                      
     000042E0  A$SARCHFM$141                      
     000042E2  A$SARCHFM$144                      
     000042E3  A$SARCHFM$145                      
     000042E6  A$SARCHFM$146                      
     000042E9  A$SARCHFM$147                      
     000042EC  A$SARCHFM$148                      
     000042ED  A$SARCHFM$150                      
     000042EE  A$SARCHFM$151                      
     000042F0  A$SARCHFM$152                      
     000042F2  A$SARCHFM$153                      
     000042F5  A$SARCHFM$154                      
     000042F6  A$SARCHFM$156                      
     000042F8  A$SARCHFM$157                      
     000042FA  A$SARCHFM$159                      
     000042FB  A$SARCHFM$160                      
     000042FD  A$SARCHFM$161                      
     00004300  A$SARCHFM$162                      
     00004301  A$SARCHFM$164                      
     00004302  A$SARCHFM$165                      
     00004304  A$SARCHFM$166                      
     00004306  A$SARCHFM$167                      
     00004308  A$SARCHFM$168                      
     0000430A  A$SARCHFM$169                      
     0000430D  A$SARCHFM$170                      
     0000430E  A$SARCHFM$173                      
     0000430F  A$SARCHFM$174                      
     00004311  A$SARCHFM$175                      
     00004314  A$SARCHFM$176                      
     00004316  A$SARCHFM$177                      
     00004319  A$SARCHFM$178                      
     0000431A  A$SARCHFM$179                      
     0000431B  A$SARCHFM$181                      
     0000431E  A$SARCHFM$186                      
     00004320  A$SARCHFM$187                      
     00004323  A$SARCHFM$189                      
     00004325  A$SARCHFM$190                      
     00004327  A$SARCHFM$191                      
     0000432A  A$SARCHFM$193                      
     0000432C  A$SARCHFM$196                      
     0000432D  A$SARCHFM$197                      
     0000432F  A$SARCHFM$198                      
     00004332  A$SARCHFM$211                      
     00004335  A$SARCHFM$212                      
ASxxxx Linker V03.00 + NoICE + sdld,  page 9.
Hexadecimal  [32-Bits]

Area                                    Addr        Size        Decimal Bytes (Attributes)
--------------------------------        ----        ----        ------- ----- ------------
_CODE                               00004100    000007F3 =        2035. bytes (REL,CON)

      Value  Global                              Global Defined In Module
      -----  --------------------------------   ------------------------
     00004337  A$SARCHFM$213                      
     0000433A  A$SARCHFM$214                      
     0000433C  A$SARCHFM$217                      
     0000433F  A$SARCHFM$223                      
     00004342  A$SARCHFM$224                      
     00004345  A$SARCHFM$225                      
     00004347  A$SARCHFM$227                      
     00004348  A$SARCHFM$228                      
     0000434B  A$SARCHFM$229                      
     0000434E  A$SARCHFM$230                      
     00004351  A$SARCHFM$232                      
     00004354  A$SARCHFM$233                      
     00004356  A$SARCHFM$234                      
     00004359  A$SARCHFM$235                      
     0000435B  A$SARCHFM$238                      
     0000435E  A$SARCHFM$244                      
     00004361  A$SARCHFM$245                      
     00004364  A$SARCHFM$246                      
     00004366  A$SARCHFM$248                      
     00004367  A$SARCHFM$249                      
     0000436A  A$SARCHFM$250                      
     0000436D  A$SARCHFM$251                      
     00004370  A$SARCHFM$253                      
     00004373  A$SARCHFM$257                      
     00004376  A$SARCHFM$263                      
     00004379  A$SARCHFM$264                      
     0000437C  A$SARCHFM$265                      
     0000437E  A$SARCHFM$266                      
     0000437F  A$SARCHFM$267                      
     00004382  A$SARCHFM$268                      
     00004385  A$SARCHFM$269                      
     00004388  A$SARCHFM$271                      
     0000438B  A$SARCHFM$275                      
     0000438E  A$SARCHFM$281                      
     00004391  A$SARCHFM$282                      
     00004394  A$SARCHFM$283                      
     00004396  A$SARCHFM$284                      
     00004397  A$SARCHFM$285                      
     0000439A  A$SARCHFM$286                      
     0000439D  A$SARCHFM$287                      
     000043A0  A$SARCHFM$296                      
     000043A3  A$SARCHFM$297                      
     000043A6  A$SARCHFM$299                      
     000043A9  A$SARCHFM$300                      
     000043AB  A$SARCHFM$301                      
     000043AE  A$SARCHFM$304                      
     000043B1  A$SARCHFM$322                      
     000043B2  A$SARCHFM$323                      
     000043B4  A$SARCHFM$324                      
     000043B7  A$SARCHFM$325                      
     000043B8  A$SARCHFM$328                      
ASxxxx Linker V03.00 + NoICE + sdld,  page 10.
Hexadecimal  [32-Bits]

Area                                    Addr        Size        Decimal Bytes (Attributes)
--------------------------------        ----        ----        ------- ----- ------------
_CODE                               00004100    000007F3 =        2035. bytes (REL,CON)

      Value  Global                              Global Defined In Module
      -----  --------------------------------   ------------------------
     000043BB  A$SARCHFM$329                      
     000043BC  A$SARCHFM$330                      
     000043BD  A$SARCHFM$331                      
     000043BE  A$SARCHFM$332                      
     000043BF  A$SARCHFM$333                      
     000043C0  A$SARCHFM$334                      
     000043C1  A$SARCHFM$335                      
     000043C4  A$SARCHFM$339                      
     000043C5  A$SARCHFM$340                      
     000043C7  A$SARCHFM$341                      
     000043C9  A$SARCHFM$342                      
     000043CC  A$SARCHFM$344                      
     000043CE  A$SARCHFM$345                      
     000043D0  A$SARCHFM$346                      
     000043D1  A$SARCHFM$347                      
     000043D2  A$SARCHFM$348                      
     000043D4  A$SARCHFM$349                      
     000043D5  A$SARCHFM$350                      
     000043D8  A$SARCHFM$352                      
     000043DA  A$SARCHFM$353                      
     000043DC  A$SARCHFM$354                      
     000043DD  A$SARCHFM$355                      
     000043DE  A$SARCHFM$356                      
     000043E0  A$SARCHFM$357                      
     000043E1  A$SARCHFM$358                      
     000043E4  A$SARCHFM$360                      
     000043E6  A$SARCHFM$361                      
     000043E8  A$SARCHFM$362                      
     000043E9  A$SARCHFM$363                      
     000043EA  A$SARCHFM$364                      
     000043EC  A$SARCHFM$365                      
     000043ED  A$SARCHFM$366                      
     000043F0  A$SARCHFM$369                      
     000043F2  A$SARCHFM$370                      
     000043F5  A$SARCHFM$371                      
     000043F6  A$SARCHFM$372                      
     000043F8  A$SARCHFM$376                      
     000043FA  A$SARCHFM$377                      
     000043FC  A$SARCHFM$378                      
     000043FE  A$SARCHFM$379                      
     00004400  A$SARCHFM$380                      
     00004402  A$SARCHFM$381                      
     00004404  A$SARCHFM$382                      
     00004406  A$SARCHFM$383                      
     00004408  A$SARCHFM$385                      
     0000440B  A$SARCHFM$386                      
     0000440C  A$SARCHFM$387                      
     0000440F  A$SARCHFM$389                      
     00004410  A$SARCHFM$390                      
     00004413  A$SARCHFM$393                      
     00004414  A$SARCHFM$394                      
ASxxxx Linker V03.00 + NoICE + sdld,  page 11.
Hexadecimal  [32-Bits]

Area                                    Addr        Size        Decimal Bytes (Attributes)
--------------------------------        ----        ----        ------- ----- ------------
_CODE                               00004100    000007F3 =        2035. bytes (REL,CON)

      Value  Global                              Global Defined In Module
      -----  --------------------------------   ------------------------
     00004416  A$SARCHFM$398                      
     00004419  A$SARCHFM$401                      
     0000441A  A$SARCHFM$402                      
     0000441D  A$SARCHFM$403                      
     0000441E  A$SARCHFM$404                      
     00004421  A$SARCHFM$405                      
     00004422  A$SARCHFM$406                      
     00004425  A$SARCHFM$407                      
     00004426  A$SARCHFM$408                      
     00004427  A$SARCHFM$409                      
     00004428  A$SARCHFM$410                      
     00004429  A$SARCHFM$411                      
     0000442A  A$SARCHFM$412                      
     0000442B  A$SARCHFM$413                      
     0000442E  A$SARCHFM$415                      
     00004430  A$SARCHFM$416                      
     00004433  A$SARCHFM$417                      
     00004434  A$SARCHFM$418                      
     00004437  A$SARCHFM$419                      
     00004438  A$SARCHFM$420                      
     00004439  A$SARCHFM$421                      
     0000443A  A$SARCHFM$422                      
     0000443B  A$SARCHFM$423                      
     0000443C  A$SARCHFM$424                      
     0000443D  A$SARCHFM$425                      
     00004440  A$SARCHFM$428                      
     00004443  A$SARCHFM$429                      
     00004444  A$SARCHFM$430                      
     00004447  A$SARCHFM$432                      
     00004449  A$SARCHFM$433                      
     0000444C  A$SARCHFM$434                      
     0000444D  A$SARCHFM$435                      
     0000444F  A$SARCHFM$436                      
     00004452  A$SARCHFM$437                      
     00004453  A$SARCHFM$438                      
     00004456  A$SARCHFM$440                      
     00004457  A$SARCHFM$441                      
     00004458  A$SARCHFM$442                      
     00004459  A$SARCHFM$443                      
     0000445A  A$SARCHFM$444                      
     0000445B  A$SARCHFM$445                      
     0000445C  A$SARCHFM$446                      
     0000445E  A$SARCHFM$447                      
     00004461  A$SARCHFM$449                      
     00004462  A$SARCHFM$450                      
     00004465  A$SARCHFM$453                      
     00004468  A$SARCHFM$454                      
     00004469  A$SARCHFM$455                      
     0000446C  A$SARCHFM$456                      
     0000446E  A$SARCHFM$459                      
     0000446F  A$SARCHFM$460                      
ASxxxx Linker V03.00 + NoICE + sdld,  page 12.
Hexadecimal  [32-Bits]

Area                                    Addr        Size        Decimal Bytes (Attributes)
--------------------------------        ----        ----        ------- ----- ------------
_CODE                               00004100    000007F3 =        2035. bytes (REL,CON)

      Value  Global                              Global Defined In Module
      -----  --------------------------------   ------------------------
     00004470  A$SARCHFM$462                      
     00004471  A$SARCHFM$463                      
     00004474  A$SARCHFM$464                      
     00004475  A$SARCHFM$465                      
     00004476  A$SARCHFM$468                      
     00004477  A$SARCHFM$469                      
     0000447A  A$SARCHFM$470                      
     0000447B  A$SARCHFM$471                      
     0000447D  A$SARCHFM$473                      
     00004480  A$SARCHFM$474                      
     00004482  A$SARCHFM$475                      
     00004485  A$SARCHFM$476                      
     00004487  A$SARCHFM$477                      
     0000448A  A$SARCHFM$480                      
     0000448D  A$SARCHFM$481                      
     0000448E  A$SARCHFM$482                      
     00004491  A$SARCHFM$483                      
     00004493  A$SARCHFM$486                      
     00004494  A$SARCHFM$487                      
     00004495  A$SARCHFM$489                      
     00004496  A$SARCHFM$490                      
     00004499  A$SARCHFM$491                      
     0000449A  A$SARCHFM$492                      
     0000449B  A$SARCHFM$494                      
     0000449C  A$SARCHFM$495                      
     0000449F  A$SARCHFM$496                      
     000044A0  A$SARCHFM$497                      
     000044A2  A$SARCHFM$499                      
     000044A4  A$SARCHFM$500                      
     000044A7  A$SARCHFM$504                      
     000044AA  A$SARCHFM$505                      
     000044AB  A$SARCHFM$506                      
     000044AE  A$SARCHFM$507                      
     000044B0  A$SARCHFM$510                      
     000044B1  A$SARCHFM$511                      
     000044B2  A$SARCHFM$513                      
     000044B3  A$SARCHFM$514                      
     000044B6  A$SARCHFM$515                      
     000044B7  A$SARCHFM$516                      
     000044B8  A$SARCHFM$518                      
     000044B9  A$SARCHFM$519                      
     000044BC  A$SARCHFM$520                      
     000044BD  A$SARCHFM$521                      
     000044BF  A$SARCHFM$523                      
     000044C2  A$SARCHFM$524                      
     000044C3  A$SARCHFM$525                      
     000044C4  A$SARCHFM$526                      
     000044C7  A$SARCHFM$527                      
     000044C9  A$SARCHFM$528                      
     000044CC  A$SARCHFM$532                      
     000044CF  A$SARCHFM$533                      
ASxxxx Linker V03.00 + NoICE + sdld,  page 13.
Hexadecimal  [32-Bits]

Area                                    Addr        Size        Decimal Bytes (Attributes)
--------------------------------        ----        ----        ------- ----- ------------
_CODE                               00004100    000007F3 =        2035. bytes (REL,CON)

      Value  Global                              Global Defined In Module
      -----  --------------------------------   ------------------------
     000044D0  A$SARCHFM$534                      
     000044D3  A$SARCHFM$535                      
     000044D5  A$SARCHFM$538                      
     000044D6  A$SARCHFM$539                      
     000044D7  A$SARCHFM$541                      
     000044D8  A$SARCHFM$542                      
     000044DB  A$SARCHFM$543                      
     000044DC  A$SARCHFM$544                      
     000044DD  A$SARCHFM$547                      
     000044DE  A$SARCHFM$548                      
     000044E1  A$SARCHFM$549                      
     000044E2  A$SARCHFM$550                      
     000044E4  A$SARCHFM$552                      
     000044E7  A$SARCHFM$553                      
     000044E8  A$SARCHFM$554                      
     000044EB  A$SARCHFM$555                      
     000044ED  A$SARCHFM$556                      
     000044F0  A$SARCHFM$560                      
     000044F3  A$SARCHFM$561                      
     000044F4  A$SARCHFM$562                      
     000044F7  A$SARCHFM$563                      
     000044F9  A$SARCHFM$565                      
     000044FA  A$SARCHFM$566                      
     000044FB  A$SARCHFM$568                      
     000044FC  A$SARCHFM$569                      
     000044FF  A$SARCHFM$570                      
     00004500  A$SARCHFM$571                      
     00004501  A$SARCHFM$573                      
     00004502  A$SARCHFM$574                      
     00004505  A$SARCHFM$575                      
     00004506  A$SARCHFM$576                      
     00004508  A$SARCHFM$578                      
     0000450B  A$SARCHFM$579                      
     0000450C  A$SARCHFM$580                      
     0000450F  A$SARCHFM$581                      
     00004511  A$SARCHFM$582                      
     00004514  A$SARCHFM$584                      
     00004517  A$SARCHFM$585                      
     00004518  A$SARCHFM$586                      
     00004519  A$SARCHFM$587                      
     0000451A  A$SARCHFM$588                      
     0000451D  A$SARCHFM$589                      
     0000451F  A$SARCHFM$593                      
     00004520  A$SARCHFM$594                      
     00004521  A$SARCHFM$595                      
     00004522  A$SARCHFM$596                      
     00004523  A$SARCHFM$597                      
     00004524  A$SARCHFM$599                      
     00004525  A$SARCHFM$600                      
     00004526  A$SARCHFM$601                      
     00004527  A$SARCHFM$602                      
ASxxxx Linker V03.00 + NoICE + sdld,  page 14.
Hexadecimal  [32-Bits]

Area                                    Addr        Size        Decimal Bytes (Attributes)
--------------------------------        ----        ----        ------- ----- ------------
_CODE                               00004100    000007F3 =        2035. bytes (REL,CON)

      Value  Global                              Global Defined In Module
      -----  --------------------------------   ------------------------
     00004528  A$SARCHFM$603                      
     00004529  A$SARCHFM$620                      
     0000452A  A$SARCHFM$621                      
     0000452B  A$SARCHFM$622                      
     0000452C  A$SARCHFM$623                      
     0000452F  A$SARCHFM$624                      
     00004530  A$SARCHFM$625                      
     00004533  A$SARCHFM$626                      
     00004534  A$SARCHFM$627                      
     00004537  A$SARCHFM$628                      
     00004538  A$SARCHFM$629                      
     0000453B  A$SARCHFM$630                      
     0000453C  A$SARCHFM$631                      
     0000453F  A$SARCHFM$634                      
     00004540  A$SARCHFM$635                      
     00004543  A$SARCHFM$640                      
     00004546  A$SARCHFM$641                      
     00004548  A$SARCHFM$642                      
     0000454B  A$SARCHFM$643                      
     0000454C  A$SARCHFM$644                      
     0000454D  A$SARCHFM$645                      
     0000454E  A$SARCHFM$646                      
     00004550  A$SARCHFM$647                      
     00004551  A$SARCHFM$648                      
     00004554  A$SARCHFM$649                      
     00004555  A$SARCHFM$651                      
     00004556  A$SARCHFM$652                      
     00004557  A$SARCHFM$653                      
     0000455A  A$SARCHFM$654                      
     0000455C  A$SARCHFM$658                      
     0000455F  A$SARCHFM$659                      
     00004561  A$SARCHFM$660                      
     00004563  A$SARCHFM$661                      
     00004565  A$SARCHFM$662                      
     00004566  A$SARCHFM$663                      
     00004567  A$SARCHFM$664                      
     00004568  A$SARCHFM$665                      
     0000456A  A$SARCHFM$666                      
     0000456B  A$SARCHFM$667                      
     0000456E  A$SARCHFM$668                      
     0000456F  A$SARCHFM$671                      
     00004570  A$SARCHFM$672                      
     00004571  A$SARCHFM$673                      
     00004574  A$SARCHFM$674                      
     00004577  A$SARCHFM$675                      
     00004578  A$SARCHFM$676                      
     00004579  A$SARCHFM$679                      
     0000457A  A$SARCHFM$680                      
     0000457B  A$SARCHFM$681                      
     0000457E  A$SARCHFM$682                      
     00004580  A$SARCHFM$688                      
ASxxxx Linker V03.00 + NoICE + sdld,  page 15.
Hexadecimal  [32-Bits]

Area                                    Addr        Size        Decimal Bytes (Attributes)
--------------------------------        ----        ----        ------- ----- ------------
_CODE                               00004100    000007F3 =        2035. bytes (REL,CON)

      Value  Global                              Global Defined In Module
      -----  --------------------------------   ------------------------
     00004583  A$SARCHFM$689                      
     00004585  A$SARCHFM$690                      
     00004587  A$SARCHFM$691                      
     00004588  A$SARCHFM$692                      
     00004589  A$SARCHFM$693                      
     0000458A  A$SARCHFM$694                      
     0000458C  A$SARCHFM$695                      
     0000458D  A$SARCHFM$696                      
     00004590  A$SARCHFM$697                      
     00004591  A$SARCHFM$699                      
     00004592  A$SARCHFM$700                      
     00004593  A$SARCHFM$701                      
     00004596  A$SARCHFM$705                      
     00004597  A$SARCHFM$706                      
     00004598  A$SARCHFM$707                      
     00004599  A$SARCHFM$708                      
     0000459A  A$SARCHFM$709                      
     0000459B  A$SARCHFM$710                      
     0000459C  A$SARCHFM$711                      
     0000459D  A$SARCHFM$714                      
     000045A0  A$SARCHFM$716                      
     000045A3  A$SARCHFM$717                      
     000045A6  A$SARCHFM$718                      
     000045A7  A$SARCHFM$719                      
     000045A8  A$SARCHFM$720                      
     000045AB  A$SARCHFM$722                      
     000045AE  A$SARCHFM$723                      
     000045B1  A$SARCHFM$724                      
     000045B2  A$SARCHFM$725                      
     000045B5  A$SARCHFM$727                      
     000045B8  A$SARCHFM$728                      
     000045BB  A$SARCHFM$729                      
     000045BC  A$SARCHFM$730                      
     000045BF  A$SARCHFM$732                      
     000045C2  A$SARCHFM$733                      
     000045C5  A$SARCHFM$734                      
     000045C6  A$SARCHFM$735                      
     000045C9  A$SARCHFM$737                      
     000045CC  A$SARCHFM$738                      
     000045CF  A$SARCHFM$741                      
     000045D0  A$SARCHFM$742                      
     000045D1  A$SARCHFM$756                      
     000045D2  A$SARCHFM$757                      
     000045D3  A$SARCHFM$758                      
     000045D4  A$SARCHFM$759                      
     000045D5  A$SARCHFM$761                      
     000045D7  A$SARCHFM$762                      
     000045D8  A$SARCHFM$763                      
     000045DA  A$SARCHFM$764                      
     000045DB  A$SARCHFM$765                      
     000045DD  A$SARCHFM$766                      
ASxxxx Linker V03.00 + NoICE + sdld,  page 16.
Hexadecimal  [32-Bits]

Area                                    Addr        Size        Decimal Bytes (Attributes)
--------------------------------        ----        ----        ------- ----- ------------
_CODE                               00004100    000007F3 =        2035. bytes (REL,CON)

      Value  Global                              Global Defined In Module
      -----  --------------------------------   ------------------------
     000045DE  A$SARCHFM$767                      
     000045DF  A$SARCHFM$769                      
     000045E1  A$SARCHFM$770                      
     000045E3  A$SARCHFM$771                      
     000045E4  A$SARCHFM$772                      
     000045E6  A$SARCHFM$773                      
     000045E7  A$SARCHFM$774                      
     000045E8  A$SARCHFM$775                      
     000045E9  A$SARCHFM$776                      
     000045EB  A$SARCHFM$778                      
     000045EC  A$SARCHFM$779                      
     000045EE  A$SARCHFM$780                      
     000045F0  A$SARCHFM$781                      
     000045F2  A$SARCHFM$782                      
     000045F3  A$SARCHFM$783                      
     000045F6  A$SARCHFM$784                      
     000045F7  A$SARCHFM$785                      
     000045F9  A$SARCHFM$786                      
     000045FA  A$SARCHFM$787                      
     000045FB  A$SARCHFM$789                      
     000045FC  A$SARCHFM$790                      
     000045FE  A$SARCHFM$791                      
     000045FF  A$SARCHFM$794                      
     00004600  A$SARCHFM$795                      
     00004602  A$SARCHFM$796                      
     00004603  A$SARCHFM$797                      
     00004604  A$SARCHFM$798                      
     00004606  A$SARCHFM$799                      
     00004607  A$SARCHFM$801                      
     00004608  A$SARCHFM$802                      
     00004609  A$SARCHFM$816                      
     0000460A  A$SARCHFM$817                      
     0000460B  A$SARCHFM$818                      
     0000460C  A$SARCHFM$819                      
     0000460D  A$SARCHFM$821                      
     0000460E  A$SARCHFM$822                      
     0000460F  A$SARCHFM$823                      
     00004610  A$SARCHFM$824                      
     00004611  A$SARCHFM$825                      
     00004613  A$SARCHFM$826                      
     00004614  A$SARCHFM$827                      
     00004616  A$SARCHFM$828                      
     00004617  A$SARCHFM$829                      
     00004619  A$SARCHFM$830                      
     0000461A  A$SARCHFM$831                      
     0000461B  A$SARCHFM$833                      
     0000461D  A$SARCHFM$834                      
     0000461F  A$SARCHFM$835                      
     00004620  A$SARCHFM$836                      
     00004622  A$SARCHFM$837                      
     00004623  A$SARCHFM$838                      
ASxxxx Linker V03.00 + NoICE + sdld,  page 17.
Hexadecimal  [32-Bits]

Area                                    Addr        Size        Decimal Bytes (Attributes)
--------------------------------        ----        ----        ------- ----- ------------
_CODE                               00004100    000007F3 =        2035. bytes (REL,CON)

      Value  Global                              Global Defined In Module
      -----  --------------------------------   ------------------------
     00004624  A$SARCHFM$839                      
     00004625  A$SARCHFM$840                      
     00004627  A$SARCHFM$842                      
     00004628  A$SARCHFM$843                      
     0000462A  A$SARCHFM$844                      
     0000462C  A$SARCHFM$845                      
     0000462E  A$SARCHFM$846                      
     0000462F  A$SARCHFM$847                      
     00004632  A$SARCHFM$848                      
     00004633  A$SARCHFM$849                      
     00004635  A$SARCHFM$850                      
     00004636  A$SARCHFM$851                      
     00004637  A$SARCHFM$853                      
     00004638  A$SARCHFM$854                      
     0000463A  A$SARCHFM$855                      
     0000463B  A$SARCHFM$858                      
     0000463C  A$SARCHFM$859                      
     0000463E  A$SARCHFM$860                      
     0000463F  A$SARCHFM$861                      
     00004640  A$SARCHFM$862                      
     00004642  A$SARCHFM$863                      
     00004643  A$SARCHFM$866                      
     00004644  A$SARCHFM$867                      
     00004645  A$SARCHFM$884                      
     00004647  A$SARCHFM$885                      
     00004648  A$SARCHFM$886                      
     00004649  A$SARCHFM$887                      
     0000464A  A$SARCHFM$888                      
     0000464C  A$SARCHFM$889                      
     0000464D  A$SARCHFM$890                      
     0000464F  A$SARCHFM$891                      
     00004652  A$SARCHFM$892                      
     00004653  A$SARCHFM$893                      
     00004654  A$SARCHFM$894                      
     00004656  A$SARCHFM$895                      
     00004657  A$SARCHFM$896                      
     00004658  A$SARCHFM$897                      
     00004659  A$SARCHFM$898                      
     0000465A  A$SARCHFM$899                      
     0000465B  A$SARCHFM$900                      
     0000465C  A$SARCHFM$901                      
     0000465D  A$SARCHFM$902                      
     0000465F  A$SARCHFM$903                      
     00004660  A$SARCHFM$904                      
     00004661  A$SARCHFM$906                      
     00004662  A$SARCHFM$907                      
     00004663  A$SARCHFM$908                      
     00004664  A$SARCHFM$909                      
     00004666  A$SARCHFM$910                      
     00004667  A$SARCHFM$911                      
     00004668  A$SARCHFM$912                      
ASxxxx Linker V03.00 + NoICE + sdld,  page 18.
Hexadecimal  [32-Bits]

Area                                    Addr        Size        Decimal Bytes (Attributes)
--------------------------------        ----        ----        ------- ----- ------------
_CODE                               00004100    000007F3 =        2035. bytes (REL,CON)

      Value  Global                              Global Defined In Module
      -----  --------------------------------   ------------------------
     0000466A  A$SARCHFM$913                      
     0000466B  A$SARCHFM$914                      
     0000466C  A$SARCHFM$916                      
     0000466E  A$SARCHFM$917                      
     00004670  A$SARCHFM$918                      
     00004671  A$SARCHFM$919                      
     00004673  A$SARCHFM$920                      
     00004674  A$SARCHFM$921                      
     00004675  A$SARCHFM$922                      
     00004676  A$SARCHFM$923                      
     00004678  A$SARCHFM$925                      
     0000467B  A$SARCHFM$926                      
     0000467C  A$SARCHFM$927                      
     0000467E  A$SARCHFM$928                      
     00004680  A$SARCHFM$929                      
     00004682  A$SARCHFM$930                      
     00004683  A$SARCHFM$931                      
     00004686  A$SARCHFM$932                      
     00004687  A$SARCHFM$933                      
     00004689  A$SARCHFM$934                      
     0000468A  A$SARCHFM$935                      
     0000468B  A$SARCHFM$937                      
     0000468C  A$SARCHFM$938                      
     0000468E  A$SARCHFM$939                      
     0000468F  A$SARCHFM$941                      
     00004690  A$SARCHFM$944                      
     00004693  A$SARCHFM$947                      
     00004694  A$SARCHFM$948                      
     00004696  A$SARCHFM$949                      
     00004697  A$SARCHFM$950                      
     00004698  A$SARCHFM$951                      
     0000469A  A$SARCHFM$952                      
     0000469B  A$SARCHFM$956                      
     0000469C  A$SARCHFM$957                      
     0000469D  A$SARCHFM$958                      
     0000469E  A$SARCHFM$959                      
     0000469F  A$SARCHFM$960                      
     000046A0  A$SARCHFM$961                      
     000046A1  A$SARCHFM$964                      
     000046A4  A$SARCHFM$966                      
     000046A5  A$SARCHFM$967                      
     000046A8  A$SARCHFM$968                      
     000046AB  A$SARCHFM$969                      
     000046AC  A$SARCHFM$970                      
     000046AF  A$SARCHFM$972                      
     000046B2  A$SARCHFM$973                      
     000046B5  A$SARCHFM$974                      
     000046B6  A$SARCHFM$975                      
     000046B9  A$SARCHFM$977                      
     000046BC  A$SARCHFM$978                      
     000046BF  A$SARCHFM$979                      
ASxxxx Linker V03.00 + NoICE + sdld,  page 19.
Hexadecimal  [32-Bits]

Area                                    Addr        Size        Decimal Bytes (Attributes)
--------------------------------        ----        ----        ------- ----- ------------
_CODE                               00004100    000007F3 =        2035. bytes (REL,CON)

      Value  Global                              Global Defined In Module
      -----  --------------------------------   ------------------------
     000046C0  A$SARCHFM$980                      
     000046C3  A$SARCHFM$982                      
     000046C6  A$SARCHFM$983                      
     000046C9  A$SARCHFM$984                      
     000046CA  A$SARCHFM$985                      
     000046CD  A$SARCHFM$987                      
     000046D0  A$SARCHFM$988                      
     000046D3  A$SARCHFM$992                      
     000046D5  A$SARCHFM$993                      
     000046D6  A$SARCHFM$994                      
     000046D7  A$SARCHFM$995                      
     000046D8  A$SARCHFM$996                      
     000046DA  A$SARCHFM$997                      
     000046DB  A$SARCHFM$998                      
     000046DD  A$SARCHFM$999                      
     000046E0  A$SARCHFM$1000                     
     000046E1  A$SARCHFM$1001                     
     000046E2  A$SARCHFM$1002                     
     000046E4  A$SARCHFM$1003                     
     000046E5  A$SARCHFM$1004                     
     000046E6  A$SARCHFM$1005                     
     000046E7  A$SARCHFM$1006                     
     000046E8  A$SARCHFM$1007                     
     000046E9  A$SARCHFM$1008                     
     000046EA  A$SARCHFM$1009                     
     000046EB  A$SARCHFM$1010                     
     000046ED  A$SARCHFM$1011                     
     000046EE  A$SARCHFM$1012                     
     000046EF  A$SARCHFM$1014                     
     000046F0  A$SARCHFM$1017                     
     000046F2  A$SARCHFM$1018                     
     000046F3  A$SARCHFM$1019                     
     000046F4  A$SARCHFM$1020                     
     000046F6  A$SARCHFM$1021                     
     000046F7  A$SARCHFM$1022                     
     000046F8  A$SARCHFM$1024                     
     000046FA  A$SARCHFM$1025                     
     000046FC  A$SARCHFM$1026                     
     000046FE  A$SARCHFM$1027                     
     00004700  A$SARCHFM$1028                     
     00004701  A$SARCHFM$1029                     
     00004703  A$SARCHFM$1030                     
     00004704  A$SARCHFM$1031                     
     00004705  A$SARCHFM$1032                     
     00004706  A$SARCHFM$1033                     
     00004708  A$SARCHFM$1035                     
     0000470B  A$SARCHFM$1036                     
     0000470C  A$SARCHFM$1039                     
     0000470E  A$SARCHFM$1040                     
     0000470F  A$SARCHFM$1041                     
     00004712  A$SARCHFM$1042                     
ASxxxx Linker V03.00 + NoICE + sdld,  page 20.
Hexadecimal  [32-Bits]

Area                                    Addr        Size        Decimal Bytes (Attributes)
--------------------------------        ----        ----        ------- ----- ------------
_CODE                               00004100    000007F3 =        2035. bytes (REL,CON)

      Value  Global                              Global Defined In Module
      -----  --------------------------------   ------------------------
     00004713  A$SARCHFM$1043                     
     00004715  A$SARCHFM$1044                     
     00004716  A$SARCHFM$1045                     
     00004717  A$SARCHFM$1047                     
     00004718  A$SARCHFM$1048                     
     0000471A  A$SARCHFM$1049                     
     0000471B  A$SARCHFM$1051                     
     0000471C  A$SARCHFM$1054                     
     0000471F  A$SARCHFM$1057                     
     00004720  A$SARCHFM$1058                     
     00004722  A$SARCHFM$1059                     
     00004723  A$SARCHFM$1060                     
     00004724  A$SARCHFM$1061                     
     00004726  A$SARCHFM$1062                     
     00004727  A$SARCHFM$1066                     
     00004728  A$SARCHFM$1067                     
     00004729  A$SARCHFM$1068                     
     0000472A  A$SARCHFM$1069                     
     0000472B  A$SARCHFM$1070                     
     0000472C  A$SARCHFM$1071                     
     0000472D  A$SARCHFM$1074                     
     0000472E  A$SARCHFM$1076                     
     0000472F  A$SARCHFM$1077                     
     00004732  A$SARCHFM$1078                     
     00004735  A$SARCHFM$1079                     
     00004736  A$SARCHFM$1080                     
     00004739  A$SARCHFM$1082                     
     0000473C  A$SARCHFM$1083                     
     0000473F  A$SARCHFM$1084                     
     00004740  A$SARCHFM$1085                     
     00004743  A$SARCHFM$1087                     
     00004746  A$SARCHFM$1088                     
     00004749  A$SARCHFM$1089                     
     0000474A  A$SARCHFM$1090                     
     0000474D  A$SARCHFM$1092                     
     00004750  A$SARCHFM$1093                     
     00004753  A$SARCHFM$1094                     
     00004754  A$SARCHFM$1095                     
     00004757  A$SARCHFM$1097                     
     0000475A  A$SARCHFM$1098                     
     0000475D  A$SARCHFM$1100                     
     0000475E  A$SARCHFM$1110                     
     0000475F  A$SARCHFM$1111                     
     00004761  A$SARCHFM$1112                     
     00004762  A$SARCHFM$1113                     
     00004765  A$SARCHFM$1114                     
     00004766  A$SARCHFM$1115                     
     00004768  A$SARCHFM$1121                     
     00004769  A$SARCHFM$1122                     
     0000476A  A$SARCHFM$1123                     
     0000476D  A$SARCHFM$1124                     
ASxxxx Linker V03.00 + NoICE + sdld,  page 21.
Hexadecimal  [32-Bits]

Area                                    Addr        Size        Decimal Bytes (Attributes)
--------------------------------        ----        ----        ------- ----- ------------
_CODE                               00004100    000007F3 =        2035. bytes (REL,CON)

      Value  Global                              Global Defined In Module
      -----  --------------------------------   ------------------------
     0000476E  A$SARCHFM$1125                     
     00004771  A$SARCHFM$1126                     
     00004772  A$SARCHFM$1127                     
     00004775  A$SARCHFM$1128                     
     00004776  A$SARCHFM$1129                     
     00004777  A$SARCHFM$1130                     
     00004778  A$SARCHFM$1137                     
     00004779  A$SARCHFM$1138                     
     0000477B  A$SARCHFM$1139                     
     0000477D  A$SARCHFM$1140                     
     0000477F  A$SARCHFM$1141                     
     00004781  A$SARCHFM$1142                     
     00004783  A$SARCHFM$1143                     
     00004785  A$SARCHFM$1144                     
     00004787  A$SARCHFM$1145                     
     00004789  A$SARCHFM$1146                     
     0000478A  A$SARCHFM$1148                     
     0000478B  A$SARCHFM$1149                     
     0000478D  A$SARCHFM$1150                     
     0000478F  A$SARCHFM$1151                     
     00004791  A$SARCHFM$1152                     
     00004793  A$SARCHFM$1153                     
     00004795  A$SARCHFM$1154                     
     00004796  A$SARCHFM$1155                     

ASxxxx Linker V03.00 + NoICE + sdld,  page 22.
Hexadecimal  [32-Bits]

Area                                    Addr        Size        Decimal Bytes (Attributes)
--------------------------------        ----        ----        ------- ----- ------------
_HEADER0                            00000000    00000063 =          99. bytes (ABS,CON)

      Value  Global                              Global Defined In Module
      -----  --------------------------------   ------------------------
     00005000  A$uart-4800$33                     
     00005000  _uart_processVgm                   
     00005001  A$uart-4800$34                     
     00005003  A$uart-4800$35                     
     00005005  A$uart-4800$36                     
     00005007  A$uart-4800$37                     
     00005009  A$uart-4800$40                     
     0000500B  A$uart-4800$41                     
     0000500C  A$uart-4800$42                     
     0000500E  A$uart-4800$48                     
     00005010  A$uart-4800$49                     
     00005012  A$uart-4800$50                     
     00005015  A$uart-4800$51                     
     00005017  A$uart-4800$52                     
     00005019  A$uart-4800$53                     
     0000501B  A$uart-4800$54                     
     0000501C  A$uart-4800$55                     
     0000501E  A$uart-4800$56                     
     0000501F  A$uart-4800$59                     
     00005022  A$uart-4800$61                     
     00005057  A$uart-4800$64                     
     0000505A  A$uart-4800$65                     
     0000505D  A$uart-4800$66                     
     00005060  A$uart-4800$68                     
ASxxxx Linker V03.00 + NoICE + sdld,  page 23.
Hexadecimal  [32-Bits]

Area                                    Addr        Size        Decimal Bytes (Attributes)
--------------------------------        ----        ----        ------- ----- ------------
_HEADER1                            00000000    0000005B =          91. bytes (ABS,CON)

      Value  Global                              Global Defined In Module
      -----  --------------------------------   ------------------------
     00006000  A$uart-4800$76                     

ASxxxx Linker V03.00 + NoICE + sdld,  page 24.
Hexadecimal  [32-Bits]

Area                                    Addr        Size        Decimal Bytes (Attributes)
--------------------------------        ----        ----        ------- ----- ------------
_HEADER2                            00000000    0000005C =          92. bytes (ABS,CON)

      Value  Global                              Global Defined In Module
      -----  --------------------------------   ------------------------
     00006100  A$uart-4800$80                     

ASxxxx Linker V03.00 + NoICE + sdld,  page 25.
Hexadecimal  [32-Bits]

Area                                    Addr        Size        Decimal Bytes (Attributes)
--------------------------------        ----        ----        ------- ----- ------------
_HEADER3                            00000000    00000062 =          98. bytes (ABS,CON)

      Value  Global                              Global Defined In Module
      -----  --------------------------------   ------------------------
     00006200  A$uart-4800$85                     
     0000621F  A$uart-4800$86                     
     0000623F  A$uart-4800$89                     
     00006242  A$uart-4800$90                     
     0000625F  A$uart-4800$96                     

ASxxxx Linker V03.00 + NoICE + sdld,  page 26.
Hexadecimal  [32-Bits]

Area                                    Addr        Size        Decimal Bytes (Attributes)
--------------------------------        ----        ----        ------- ----- ------------
_HEADER4                            00000000    000000D5 =         213. bytes (ABS,CON)

      Value  Global                              Global Defined In Module
      -----  --------------------------------   ------------------------
     00006300  A$uart-4800$103                    
     0000631F  A$uart-4800$104                    
     0000633F  A$uart-4800$107                    
     0000633F  __SELECT_SCC_SLOT_P2               
     00006340  A$uart-4800$108                    
     00006342  A$uart-4800$109                    
     00006345  A$uart-4800$110                    
     00006346  A$uart-4800$111                    
     00006347  A$uart-4800$112                    
     0000634A  A$uart-4800$117                    
     0000634D  A$uart-4800$118                    
     0000634E  A$uart-4800$119                    
     00006351  A$uart-4800$120                    
     00006354  A$uart-4800$121                    
     00006371  A$uart-4800$139                    
     00006374  A$uart-4800$143                    
     00006377  A$uart-4800$144                    
     00006378  A$uart-4800$145                    
     0000637B  A$uart-4800$146                    
     0000637E  A$uart-4800$147                    
     0000639B  A$uart-4800$165                    
     0000639E  A$uart-4800$169                    
     000063A0  A$uart-4800$170                    
     000063A1  A$uart-4800$171                    
     000063A2  A$uart-4800$172                    
     000063A3  A$uart-4800$173                    
     000063A6  A$uart-4800$174                    
     000063A7  A$uart-4800$177                    
     000063A8  A$uart-4800$178                    
     000063A9  A$uart-4800$179                    
     000063AC  A$uart-4800$180                    
     000063AD  A$uart-4800$181                    
     000063B0  A$uart-4800$182                    
     000063B1  A$uart-4800$183                    
     000063B4  A$uart-4800$184                    
     000063B7  A$uart-4800$187                    
     000063BA  A$uart-4800$188                    
     000063BC  A$uart-4800$189                    
     000063BD  A$uart-4800$191                    
     000063C0  A$uart-4800$192                    
     000063C2  A$uart-4800$193                    
     000063C3  A$uart-4800$194                    
     000063C6  A$uart-4800$198                    
     000063C9  A$uart-4800$199                    
     000063CB  A$uart-4800$200                    
     000063CC  A$uart-4800$202                    
     000063CF  A$uart-4800$203                    
     000063D1  A$uart-4800$204                    
     000063D2  A$uart-4800$205                    

ASxxxx Linker V03.00 + NoICE + sdld,  page 27.
Hexadecimal  [32-Bits]

Area                                    Addr        Size        Decimal Bytes (Attributes)
--------------------------------        ----        ----        ------- ----- ------------
_HEADER5                            00000000    0000005A =          90. bytes (ABS,CON)

      Value  Global                              Global Defined In Module
      -----  --------------------------------   ------------------------
     00006400  A$uart-4800$210                    

ASxxxx Linker V03.00 + NoICE + sdld,  page 28.
Hexadecimal  [32-Bits]

Area                                    Addr        Size        Decimal Bytes (Attributes)
--------------------------------        ----        ----        ------- ----- ------------
_HEADER6                            00000000    0000005A =          90. bytes (ABS,CON)

      Value  Global                              Global Defined In Module
      -----  --------------------------------   ------------------------
     00006500  A$uart-4800$214                    

ASxxxx Linker V03.00 + NoICE + sdld,  page 29.
Hexadecimal  [32-Bits]

Area                                    Addr        Size        Decimal Bytes (Attributes)
--------------------------------        ----        ----        ------- ----- ------------
_HEADER7                            00000000    00000066 =         102. bytes (ABS,CON)

      Value  Global                              Global Defined In Module
      -----  --------------------------------   ------------------------
     00006600  A$uart-4800$218                    

ASxxxx Linker V03.00 + NoICE + sdld,  page 30.
Hexadecimal  [32-Bits]

Area                                    Addr        Size        Decimal Bytes (Attributes)
--------------------------------        ----        ----        ------- ----- ------------
_HEADER8                            00000000    00000066 =         102. bytes (ABS,CON)

      Value  Global                              Global Defined In Module
      -----  --------------------------------   ------------------------
     00006700  A$uart-4800$222                    

ASxxxx Linker V03.00 + NoICE + sdld,  page 31.
Hexadecimal  [32-Bits]

Area                                    Addr        Size        Decimal Bytes (Attributes)
--------------------------------        ----        ----        ------- ----- ------------
_HEADER9                            00000000    0000006A =         106. bytes (ABS,CON)

      Value  Global                              Global Defined In Module
      -----  --------------------------------   ------------------------
     00006800  A$uart-4800$226                    

ASxxxx Linker V03.00 + NoICE + sdld,  page 32.
Hexadecimal  [32-Bits]

Area                                    Addr        Size        Decimal Bytes (Attributes)
--------------------------------        ----        ----        ------- ----- ------------
_HEADERa                            00000000    0000006A =         106. bytes (ABS,CON)

      Value  Global                              Global Defined In Module
      -----  --------------------------------   ------------------------
     00006900  A$uart-4800$230                    

ASxxxx Linker V03.00 + NoICE + sdld,  page 33.
Hexadecimal  [32-Bits]

Area                                    Addr        Size        Decimal Bytes (Attributes)
--------------------------------        ----        ----        ------- ----- ------------
_HEADERb                            00000000    0000009A =         154. bytes (ABS,CON)

      Value  Global                              Global Defined In Module
      -----  --------------------------------   ------------------------
     00006A00  A$uart-4800$234                    

ASxxxx Linker V03.00 + NoICE + sdld,  page 34.
Hexadecimal  [32-Bits]

Area                                    Addr        Size        Decimal Bytes (Attributes)
--------------------------------        ----        ----        ------- ----- ------------
_HEADERc                            00000000    0000009A =         154. bytes (ABS,CON)

      Value  Global                              Global Defined In Module
      -----  --------------------------------   ------------------------
     00006B00  A$uart-4800$238                    

ASxxxx Linker V03.00 + NoICE + sdld,  page 35.
Hexadecimal  [32-Bits]

Area                                    Addr        Size        Decimal Bytes (Attributes)
--------------------------------        ----        ----        ------- ----- ------------
_HEADERd                            00000000    00000003 =           3. bytes (ABS,CON)

      Value  Global                              Global Defined In Module
      -----  --------------------------------   ------------------------
     00006C00  A$uart-4800$242                    

ASxxxx Linker V03.00 + NoICE + sdld,  page 36.
Hexadecimal  [32-Bits]

Area                                    Addr        Size        Decimal Bytes (Attributes)
--------------------------------        ----        ----        ------- ----- ------------
_HEADERe                            00000000    00000098 =         152. bytes (ABS,CON)

      Value  Global                              Global Defined In Module
      -----  --------------------------------   ------------------------
     00006D00  A$uart-4800$246                    

ASxxxx Linker V03.00 + NoICE + sdld,  page 37.
Hexadecimal  [32-Bits]

Area                                    Addr        Size        Decimal Bytes (Attributes)
--------------------------------        ----        ----        ------- ----- ------------
_HEADERf                            00000000    0000005E =          94. bytes (ABS,CON)

      Value  Global                              Global Defined In Module
      -----  --------------------------------   ------------------------
     00006E00  A$uart-4800$250                    

ASxxxx Linker V03.00 + NoICE + sdld,  page 38.
Hexadecimal  [32-Bits]

Area                                    Addr        Size        Decimal Bytes (Attributes)
--------------------------------        ----        ----        ------- ----- ------------
_HEADER10                           00000000    00000045 =          69. bytes (ABS,CON)

      Value  Global                              Global Defined In Module
      -----  --------------------------------   ------------------------
     00006F00  A$uart-4800$254                    

ASxxxx Linker V03.00 + NoICE + sdld,  page 39.
Hexadecimal  [32-Bits]

Area                                    Addr        Size        Decimal Bytes (Attributes)
--------------------------------        ----        ----        ------- ----- ------------
_HEADER11                           00000000    0000005C =          92. bytes (ABS,CON)

      Value  Global                              Global Defined In Module
      -----  --------------------------------   ------------------------
     00007000  A$uart-4800$258                    

ASxxxx Linker V03.00 + NoICE + sdld,  page 40.
Hexadecimal  [32-Bits]

Area                                    Addr        Size        Decimal Bytes (Attributes)
--------------------------------        ----        ----        ------- ----- ------------
_HEADER12                           00000000    0000009A =         154. bytes (ABS,CON)

      Value  Global                              Global Defined In Module
      -----  --------------------------------   ------------------------
     00007100  A$uart-4800$262                    

ASxxxx Linker V03.00 + NoICE + sdld,  page 41.
Hexadecimal  [32-Bits]

Area                                    Addr        Size        Decimal Bytes (Attributes)
--------------------------------        ----        ----        ------- ----- ------------
_HEADER13                           00000000    0000005C =          92. bytes (ABS,CON)

      Value  Global                              Global Defined In Module
      -----  --------------------------------   ------------------------
     00007200  A$uart-4800$266                    

ASxxxx Linker V03.00 + NoICE + sdld,  page 42.
Hexadecimal  [32-Bits]

Area                                    Addr        Size        Decimal Bytes (Attributes)
--------------------------------        ----        ----        ------- ----- ------------
_HEADER14                           00000000    00000003 =           3. bytes (ABS,CON)

      Value  Global                              Global Defined In Module
      -----  --------------------------------   ------------------------
     00007300  A$uart-4800$270                    

ASxxxx Linker V03.00 + NoICE + sdld,  page 43.
Hexadecimal  [32-Bits]

Area                                    Addr        Size        Decimal Bytes (Attributes)
--------------------------------        ----        ----        ------- ----- ------------
_HEADER15                           00000000    00000003 =           3. bytes (ABS,CON)

      Value  Global                              Global Defined In Module
      -----  --------------------------------   ------------------------
     00007400  A$uart-4800$274                    

ASxxxx Linker V03.00 + NoICE + sdld,  page 44.
Hexadecimal  [32-Bits]

Area                                    Addr        Size        Decimal Bytes (Attributes)
--------------------------------        ----        ----        ------- ----- ------------
_HEADER16                           00000000    00000003 =           3. bytes (ABS,CON)

      Value  Global                              Global Defined In Module
      -----  --------------------------------   ------------------------
     00007500  A$uart-4800$278                    

ASxxxx Linker V03.00 + NoICE + sdld,  page 45.
Hexadecimal  [32-Bits]

Area                                    Addr        Size        Decimal Bytes (Attributes)
--------------------------------        ----        ----        ------- ----- ------------
_HEADER17                           00000000    00000003 =           3. bytes (ABS,CON)

      Value  Global                              Global Defined In Module
      -----  --------------------------------   ------------------------
     00007600  A$uart-4800$282                    

ASxxxx Linker V03.00 + NoICE + sdld,  page 46.
Hexadecimal  [32-Bits]

Area                                    Addr        Size        Decimal Bytes (Attributes)
--------------------------------        ----        ----        ------- ----- ------------
_HEADER18                           00000000    00000003 =           3. bytes (ABS,CON)

      Value  Global                              Global Defined In Module
      -----  --------------------------------   ------------------------
     00007700  A$uart-4800$286                    

ASxxxx Linker V03.00 + NoICE + sdld,  page 47.
Hexadecimal  [32-Bits]

Area                                    Addr        Size        Decimal Bytes (Attributes)
--------------------------------        ----        ----        ------- ----- ------------
_HEADER19                           00000000    00000003 =           3. bytes (ABS,CON)

      Value  Global                              Global Defined In Module
      -----  --------------------------------   ------------------------
     00007800  A$uart-4800$290                    

ASxxxx Linker V03.00 + NoICE + sdld,  page 48.
Hexadecimal  [32-Bits]

Area                                    Addr        Size        Decimal Bytes (Attributes)
--------------------------------        ----        ----        ------- ----- ------------
_HEADER1a                           00000000    00000003 =           3. bytes (ABS,CON)

      Value  Global                              Global Defined In Module
      -----  --------------------------------   ------------------------
     00007900  A$uart-4800$294                    

ASxxxx Linker V03.00 + NoICE + sdld,  page 49.
Hexadecimal  [32-Bits]

Area                                    Addr        Size        Decimal Bytes (Attributes)
--------------------------------        ----        ----        ------- ----- ------------
[...]
     0000A24E  A$uart-4800_p2$89                  
     0000A26B  A$uart-4800_p2$105                 
     0000A26E  A$uart-4800_p2$110                 
     0000A271  A$uart-4800_p2$111                 
     0000A272  A$uart-4800_p2$112                 
     0000A275  A$uart-4800_p2$113                 
     0000A278  A$uart-4800_p2$114                 
     0000A295  A$uart-4800_p2$130                 
ASxxxx Linker V03.00 + NoICE + sdld,  page 58.
Hexadecimal  [32-Bits]

Area                                    Addr        Size        Decimal Bytes (Attributes)
--------------------------------        ----        ----        ------- ----- ------------
_HEADER24                           00000000    00000062 =          98. bytes (ABS,CON)

      Value  Global                              Global Defined In Module
      -----  --------------------------------   ------------------------
     0000A300  A$uart-4800_p2$136                 
     0000A31F  A$uart-4800_p2$137                 
     0000A33F  A$uart-4800_p2$139                 
     0000A342  A$uart-4800_p2$140                 
     0000A35F  A$uart-4800_p2$147                 

ASxxxx Linker V03.00 + NoICE + sdld,  page 59.
Hexadecimal  [32-Bits]

Area                                    Addr        Size        Decimal Bytes (Attributes)
--------------------------------        ----        ----        ------- ----- ------------
_HEADER25                           00000000    00000003 =           3. bytes (ABS,CON)

      Value  Global                              Global Defined In Module
      -----  --------------------------------   ------------------------
     0000A400  A$uart-4800_p2$151                 

ASxxxx Linker V03.00 + NoICE + sdld,  page 60.
Hexadecimal  [32-Bits]

Area                                    Addr        Size        Decimal Bytes (Attributes)
--------------------------------        ----        ----        ------- ----- ------------
_HEADER26                           00000000    00000003 =           3. bytes (ABS,CON)

      Value  Global                              Global Defined In Module
      -----  --------------------------------   ------------------------
     0000A500  A$uart-4800_p2$155                 

ASxxxx Linker V03.00 + NoICE + sdld,  page 61.
Hexadecimal  [32-Bits]

Area                                    Addr        Size        Decimal Bytes (Attributes)
--------------------------------        ----        ----        ------- ----- ------------
_HEADER27                           00000000    00000003 =           3. bytes (ABS,CON)

      Value  Global                              Global Defined In Module
      -----  --------------------------------   ------------------------
     0000A600  A$uart-4800_p2$159                 

ASxxxx Linker V03.00 + NoICE + sdld,  page 62.
Hexadecimal  [32-Bits]

Area                                    Addr        Size        Decimal Bytes (Attributes)
--------------------------------        ----        ----        ------- ----- ------------
_HEADER28                           00000000    00000003 =           3. bytes (ABS,CON)

      Value  Global                              Global Defined In Module
      -----  --------------------------------   ------------------------
     0000A700  A$uart-4800_p2$163                 

ASxxxx Linker V03.00 + NoICE + sdld,  page 63.
Hexadecimal  [32-Bits]

Area                                    Addr        Size        Decimal Bytes (Attributes)
--------------------------------        ----        ----        ------- ----- ------------
_HEADER29                           00000000    00000003 =           3. bytes (ABS,CON)

      Value  Global                              Global Defined In Module
      -----  --------------------------------   ------------------------
     0000A800  A$uart-4800_p2$167                 

ASxxxx Linker V03.00 + NoICE + sdld,  page 64.
Hexadecimal  [32-Bits]

Area                                    Addr        Size        Decimal Bytes (Attributes)
--------------------------------        ----        ----        ------- ----- ------------
_HEADER2a                           00000000    00000003 =           3. bytes (ABS,CON)

      Value  Global                              Global Defined In Module
      -----  --------------------------------   ------------------------
     0000A900  A$uart-4800_p2$171                 

ASxxxx Linker V03.00 + NoICE + sdld,  page 65.
Hexadecimal  [32-Bits]

Area                                    Addr        Size        Decimal Bytes (Attributes)
--------------------------------        ----        ----        ------- ----- ------------
_HEADER2b                           00000000    0000009A =         154. bytes (ABS,CON)

      Value  Global                              Global Defined In Module
      -----  --------------------------------   ------------------------
     0000AA00  A$uart-4800_p2$175                 

ASxxxx Linker V03.00 + NoICE + sdld,  page 66.
Hexadecimal  [32-Bits]

Area                                    Addr        Size        Decimal Bytes (Attributes)
--------------------------------        ----        ----        ------- ----- ------------
_HEADER2c                           00000000    0000009A =         154. bytes (ABS,CON)

      Value  Global                              Global Defined In Module
      -----  --------------------------------   ------------------------
     0000AB00  A$uart-4800_p2$179                 

ASxxxx Linker V03.00 + NoICE + sdld,  page 67.
Hexadecimal  [32-Bits]

Area                                    Addr        Size        Decimal Bytes (Attributes)
--------------------------------        ----        ----        ------- ----- ------------
_HEADER2d                           00000000    0000005E =          94. bytes (ABS,CON)

      Value  Global                              Global Defined In Module
      -----  --------------------------------   ------------------------
     0000AC00  A$uart-4800_p2$183                 

ASxxxx Linker V03.00 + NoICE + sdld,  page 68.
Hexadecimal  [32-Bits]

Area                                    Addr        Size        Decimal Bytes (Attributes)
--------------------------------        ----        ----        ------- ----- ------------
_HEADER2e                           00000000    00000098 =         152. bytes (ABS,CON)

      Value  Global                              Global Defined In Module
      -----  --------------------------------   ------------------------
     0000AD00  A$uart-4800_p2$187                 

ASxxxx Linker V03.00 + NoICE + sdld,  page 69.
Hexadecimal  [32-Bits]

Area                                    Addr        Size        Decimal Bytes (Attributes)
--------------------------------        ----        ----        ------- ----- ------------
_HEADER2f                           00000000    0000005E =          94. bytes (ABS,CON)

      Value  Global                              Global Defined In Module
      -----  --------------------------------   ------------------------
     0000AE00  A$uart-4800_p2$191                 

ASxxxx Linker V03.00 + NoICE + sdld,  page 70.
Hexadecimal  [32-Bits]

Area                                    Addr        Size        Decimal Bytes (Attributes)
--------------------------------        ----        ----        ------- ----- ------------
_HEADER210                          00000000    00000045 =          69. bytes (ABS,CON)

      Value  Global                              Global Defined In Module
      -----  --------------------------------   ------------------------
     0000AF00  A$uart-4800_p2$195                 

ASxxxx Linker V03.00 + NoICE + sdld,  page 71.
Hexadecimal  [32-Bits]

Area                                    Addr        Size        Decimal Bytes (Attributes)
--------------------------------        ----        ----        ------- ----- ------------
_HEADER211                          00000000    0000005C =          92. bytes (ABS,CON)

      Value  Global                              Global Defined In Module
      -----  --------------------------------   ------------------------
     0000B000  A$uart-4800_p2$199                 

ASxxxx Linker V03.00 + NoICE + sdld,  page 72.
Hexadecimal  [32-Bits]

Area                                    Addr        Size        Decimal Bytes (Attributes)
--------------------------------        ----        ----        ------- ----- ------------
_HEADER212                          00000000    0000009A =         154. bytes (ABS,CON)

      Value  Global                              Global Defined In Module
      -----  --------------------------------   ------------------------
     0000B100  A$uart-4800_p2$203                 

ASxxxx Linker V03.00 + NoICE + sdld,  page 73.
Hexadecimal  [32-Bits]

Area                                    Addr        Size        Decimal Bytes (Attributes)
--------------------------------        ----        ----        ------- ----- ------------
_HEADER213                          00000000    0000005C =          92. bytes (ABS,CON)

      Value  Global                              Global Defined In Module
      -----  --------------------------------   ------------------------
     0000B200  A$uart-4800_p2$207                 

ASxxxx Linker V03.00 + NoICE + sdld,  page 74.
Hexadecimal  [32-Bits]

Area                                    Addr        Size        Decimal Bytes (Attributes)
--------------------------------        ----        ----        ------- ----- ------------
_HEADER214                          00000000    00000003 =           3. bytes (ABS,CON)

      Value  Global                              Global Defined In Module
      -----  --------------------------------   ------------------------
     0000B300  A$uart-4800_p2$211                 

ASxxxx Linker V03.00 + NoICE + sdld,  page 75.
Hexadecimal  [32-Bits]

Area                                    Addr        Size        Decimal Bytes (Attributes)
--------------------------------        ----        ----        ------- ----- ------------
_HEADER215                          00000000    00000003 =           3. bytes (ABS,CON)

      Value  Global                              Global Defined In Module
      -----  --------------------------------   ------------------------
     0000B400  A$uart-4800_p2$215                 

ASxxxx Linker V03.00 + NoICE + sdld,  page 76.
Hexadecimal  [32-Bits]

Area                                    Addr        Size        Decimal Bytes (Attributes)
--------------------------------        ----        ----        ------- ----- ------------
_HEADER216                          00000000    00000003 =           3. bytes (ABS,CON)

      Value  Global                              Global Defined In Module
      -----  --------------------------------   ------------------------
     0000B500  A$uart-4800_p2$219                 

ASxxxx Linker V03.00 + NoICE + sdld,  page 77.
Hexadecimal  [32-Bits]

Area                                    Addr        Size        Decimal Bytes (Attributes)
--------------------------------        ----        ----        ------- ----- ------------
_HEADER217                          00000000    00000003 =           3. bytes (ABS,CON)

      Value  Global                              Global Defined In Module
      -----  --------------------------------   ------------------------
     0000B600  A$uart-4800_p2$223                 

ASxxxx Linker V03.00 + NoICE + sdld,  page 78.
Hexadecimal  [32-Bits]

Area                                    Addr        Size        Decimal Bytes (Attributes)
--------------------------------        ----        ----        ------- ----- ------------
_HEADER218                          00000000    00000003 =           3. bytes (ABS,CON)

      Value  Global                              Global Defined In Module
      -----  --------------------------------   ------------------------
     0000B700  A$uart-4800_p2$227                 

ASxxxx Linker V03.00 + NoICE + sdld,  page 79.
Hexadecimal  [32-Bits]

Area                                    Addr        Size        Decimal Bytes (Attributes)
--------------------------------        ----        ----        ------- ----- ------------
_HEADER219                          00000000    00000003 =           3. bytes (ABS,CON)

      Value  Global                              Global Defined In Module
      -----  --------------------------------   ------------------------
     0000B800  A$uart-4800_p2$231                 

ASxxxx Linker V03.00 + NoICE + sdld,  page 80.
Hexadecimal  [32-Bits]

Area                                    Addr        Size        Decimal Bytes (Attributes)
--------------------------------        ----        ----        ------- ----- ------------
_HEADER21a                          00000000    00000003 =           3. bytes (ABS,CON)

      Value  Global                              Global Defined In Module
      -----  --------------------------------   ------------------------
     0000B900  A$uart-4800_p2$235                 

ASxxxx Linker V03.00 + NoICE + sdld,  page 81.
Hexadecimal  [32-Bits]

Area                                    Addr        Size        Decimal Bytes (Attributes)
--------------------------------        ----        ----        ------- ----- ------------
_HEADER21b                          00000000    00000003 =           3. bytes (ABS,CON)

      Value  Global                              Global Defined In Module
      -----  --------------------------------   ------------------------
     0000BA00  A$uart-4800_p2$239                 

ASxxxx Linker V03.00 + NoICE + sdld,  page 82.
Hexadecimal  [32-Bits]

Area                                    Addr        Size        Decimal Bytes (Attributes)
--------------------------------        ----        ----        ------- ----- ------------
_HEADER21c                          00000000    00000003 =           3. bytes (ABS,CON)

      Value  Global                              Global Defined In Module
      -----  --------------------------------   ------------------------
     0000BB00  A$uart-4800_p2$243                 

ASxxxx Linker V03.00 + NoICE + sdld,  page 83.
Hexadecimal  [32-Bits]

Area                                    Addr        Size        Decimal Bytes (Attributes)
--------------------------------        ----        ----        ------- ----- ------------
_HEADER21d                          00000000    00000003 =           3. bytes (ABS,CON)

      Value  Global                              Global Defined In Module
      -----  --------------------------------   ------------------------
     0000BC00  A$uart-4800_p2$247                 

ASxxxx Linker V03.00 + NoICE + sdld,  page 84.
Hexadecimal  [32-Bits]

Area                                    Addr        Size        Decimal Bytes (Attributes)
--------------------------------        ----        ----        ------- ----- ------------
_HEADER21e                          00000000    00000003 =           3. bytes (ABS,CON)

      Value  Global                              Global Defined In Module
      -----  --------------------------------   ------------------------
     0000BD00  A$uart-4800_p2$251                 

ASxxxx Linker V03.00 + NoICE + sdld,  page 85.
Hexadecimal  [32-Bits]

Area                                    Addr        Size        Decimal Bytes (Attributes)
--------------------------------        ----        ----        ------- ----- ------------
_HEADER21f                          00000000    00000003 =           3. bytes (ABS,CON)

      Value  Global                              Global Defined In Module
      -----  --------------------------------   ------------------------
     0000BE00  A$uart-4800_p2$255                 

ASxxxx Linker V03.00 + NoICE + sdld,  page 86.
Hexadecimal  [32-Bits]

Area                                    Addr        Size        Decimal Bytes (Attributes)
--------------------------------        ----        ----        ------- ----- ------------
_HEADER220                          00000000    00000003 =           3. bytes (ABS,CON)

      Value  Global                              Global Defined In Module
      -----  --------------------------------   ------------------------
     0000BF00  A$uart-4800_p2$259                 

ASxxxx Linker V03.00 + NoICE + sdld,  page 87.
Hexadecimal  [32-Bits]

Area                                    Addr        Size        Decimal Bytes (Attributes)
--------------------------------        ----        ----        ------- ----- ------------
_HEADER30                           00000000    0000003A =          58. bytes (ABS,CON)

      Value  Global                              Global Defined In Module
      -----  --------------------------------   ------------------------
     00009800  A$SARCHFM$1380                     
     00009801  A$SARCHFM$1381                     
     00009802  A$SARCHFM$1382                     
     00009803  A$SARCHFM$1383                     
     00009804  A$SARCHFM$1385                     
     00009805  A$SARCHFM$1386                     
     00009806  A$SARCHFM$1387                     
     00009808  A$SARCHFM$1388                     
     00009809  A$SARCHFM$1389                     
     0000980B  A$SARCHFM$1390                     
     0000980C  A$SARCHFM$1391                     
     0000980E  A$SARCHFM$1392                     
     0000980F  A$SARCHFM$1393                     
     00009810  A$SARCHFM$1395                     
     00009812  A$SARCHFM$1396                     
     00009814  A$SARCHFM$1397                     
     00009816  A$SARCHFM$1398                     
     00009818  A$SARCHFM$1399                     
     00009819  A$SARCHFM$1400                     
     0000981B  A$SARCHFM$1401                     
     0000981C  A$SARCHFM$1402                     
     0000981D  A$SARCHFM$1403                     
     0000981E  A$SARCHFM$1404                     
     00009820  A$SARCHFM$1406                     
     00009821  A$SARCHFM$1407                     
     00009823  A$SARCHFM$1408                     
     00009824  A$SARCHFM$1409                     
     00009827  A$SARCHFM$1410                     
     00009828  A$SARCHFM$1411                     
     0000982A  A$SARCHFM$1412                     
     0000982B  A$SARCHFM$1413                     
     0000982C  A$SARCHFM$1415                     
     0000982D  A$SARCHFM$1416                     
     0000982F  A$SARCHFM$1417                     
     00009830  A$SARCHFM$1420                     
     00009831  A$SARCHFM$1421                     
     00009833  A$SARCHFM$1422                     
     00009834  A$SARCHFM$1423                     
     00009835  A$SARCHFM$1424                     
     00009837  A$SARCHFM$1425                     
     00009838  A$SARCHFM$1428                     
     00009839  A$SARCHFM$1429                     
ASxxxx Linker V03.00 + NoICE + sdld,  page 88.
Hexadecimal  [32-Bits]

Area                                    Addr        Size        Decimal Bytes (Attributes)
--------------------------------        ----        ----        ------- ----- ------------
_ROM_HDR0                           00000000    0000001D =          29. bytes (ABS,CON)

      Value  Global                              Global Defined In Module
      -----  --------------------------------   ------------------------
ASxxxx Linker V03.00 + NoICE + sdld,  page 89.

Files Linked                              [ module(s) ]

main_v.rel                                [ main ]
player_code.rel                           [ player_code ]
uart-4800.rel                             [  ]
uart-4800_p2.rel                          [  ]
SARCHFM.rel                               [  ]
start.rel                                 [ start ]

ASxxxx Linker V03.00 + NoICE + sdld,  page 90.

User Base Address Definitions

_CODE = 0x4100
_DATA = 0x5000

